#-----------------------------------------------------------
# Vivado v2025.2 (64-bit)
# SW Build 6299465 on Fri Nov 14 19:35:11 GMT 2025
# IP Build 6300035 on Fri Nov 14 10:48:45 MST 2025
# SharedData Build 6298862 on Thu Nov 13 04:50:51 MST 2025
# Start of session at: Sun Apr 26 15:26:56 2026
# Process ID         : 20912
# Current directory  : C:/Users/nguye/Documents/Y2-2/CE213/SHA256/SHA256/SHA256.runs/synth_1
# Command line       : vivado.exe -log sha256_top_fpga.vds -product Vivado -mode batch -messageDb vivado.pb -notrace -source sha256_top_fpga.tcl
# Log file           : C:/Users/nguye/Documents/Y2-2/CE213/SHA256/SHA256/SHA256.runs/synth_1/sha256_top_fpga.vds
# Journal file       : C:/Users/nguye/Documents/Y2-2/CE213/SHA256/SHA256/SHA256.runs/synth_1\vivado.jou
# Running On         : Dephyrus
# Platform           : Windows Server 2016 or Windows 10
# Operating System   : 26200
# Processor Detail   : AMD Ryzen 9 8945HS w/ Radeon 780M Graphics
# CPU Frequency      : 3992 MHz
# CPU Physical cores : 8
# CPU Logical cores  : 16
# Host memory        : 16422 MB
# Swap memory        : 33285 MB
# Total Virtual      : 49708 MB
# Available Virtual  : 11990 MB
#-----------------------------------------------------------
source sha256_top_fpga.tcl -notrace
